// Jest Snapshot v1, https://goo.gl/fbAQLP

exports[`Test para el inicial Validando montar el test  1`] = `<AppRouter />`;
