// Jest Snapshot v1, https://goo.gl/fbAQLP

exports[`Pruebas del componente <HeroesScreen/> Debe de mostrarse el componente redirect si no hay argumentos en la url 1`] = `""`;
