// Jest Snapshot v1, https://goo.gl/fbAQLP

exports[`Pruebas para el componente <RealExampleRef /> Comprobando que se muestra 1`] = `
<div>
  <h1>
    RealExampleRef
  </h1>
  <hr />
  <button
    className="btn btn-primary mt-5"
    onClick={[Function]}
  >
    Show/Hide
  </button>
</div>
`;
