// Jest Snapshot v1, https://goo.gl/fbAQLP

exports[`Tests para el comonente de hook app Debe mostrar <Hookapp /> 1`] = `
<div>
  <h1>
    Hola Mundo
  </h1>
</div>
`;
